[pbc2] logrank/hazard: CV 2 s, IBS 0.0523
[pbc2] logrank/survival: CV 2 s, IBS 0.0518
[pbc2] grouped_lik/hazard: CV 3 s, IBS 0.0526
[pbc2] grouped_lik/survival: CV 3 s, IBS 0.0519
[pbc2] poisson/hazard: CV 2 s, IBS 0.0518
[pbc2] poisson/survival: CV 2 s, IBS 0.0515
[pbc2] km_gini/hazard: CV 2 s, IBS 0.0539
[pbc2] km_gini/survival: CV 2 s, IBS 0.0539
[panel] logrank/hazard: CV 26 s, IBS 0.0597
[panel] logrank/survival: CV 26 s, IBS 0.0597
[panel] grouped_lik/hazard: CV 45 s, IBS 0.0598
[panel] grouped_lik/survival: CV 46 s, IBS 0.0598
[panel] poisson/hazard: CV 28 s, IBS 0.0597
[panel] poisson/survival: CV 27 s, IBS 0.0597
[panel] km_gini/hazard: CV 9 s, IBS 0.0644
[panel] km_gini/survival: CV 9 s, IBS 0.0644
[sim] rep 0: 6 s
[sim] rep 1: 6 s
[sim] rep 2: 6 s
[sim] rep 3: 6 s
[sim] rep 4: 6 s
[sim] rep 5: 6 s
[sim] rep 6: 6 s
[sim] rep 7: 6 s
[sim] rep 8: 6 s
[sim] rep 9: 6 s
[sim] rep 10: 6 s
[sim] rep 11: 6 s
[sim] rep 12: 6 s
[sim] rep 13: 6 s
[sim] rep 14: 6 s
[sim] rep 15: 6 s
[sim] rep 16: 6 s
[sim] rep 17: 6 s
[sim] rep 18: 6 s
[sim] rep 19: 6 s
[cl] fold 0 done
[cl] fold 1 done
[cl] fold 2 done
[cl] fold 3 done
[cl] fold 4 done
done in 395 s -> /Users/gokhanciflikli/Projects/rftvc/docs/bench/s8-bakeoff
exit 0
